This file contains any messages produced by compilers while
running configure, to aid debugging if configure makes a mistake.

It was created by configure, which was
generated by GNU Autoconf 2.59.  Invocation command line was

  $ ./configure 

## --------- ##
## Platform. ##
## --------- ##

hostname = ansible
uname -m = sparc64
uname -r = 10.1_STABLE
uname -s = NetBSD
uname -v = NetBSD 10.1_STABLE (ANSIBLE) #0: Tue Jul 21 07:08:06 CDT 2026  dive@phoebe:/mnt/ram/netbsd/obj/sys/arch/sparc64/compile/ANSIBLE

/usr/bin/uname -p = sparc64
/bin/uname -X     = unknown

/bin/arch              = unknown
/usr/bin/arch -k       = unknown
/usr/convex/getsysinfo = unknown
hostinfo               = unknown
/bin/machine           = unknown
/usr/bin/oslevel       = unknown
/bin/universe          = unknown

PATH: /home/dive/bin
PATH: /bin
PATH: /sbin
PATH: /usr/bin
PATH: /usr/sbin
PATH: /usr/X11R7/bin
PATH: /usr/pkg/bin
PATH: /usr/pkg/sbin
PATH: /usr/games
PATH: /usr/local/bin
PATH: /usr/local/sbin


## ----------- ##
## Core tests. ##
## ----------- ##

configure:1353: checking for gcc
configure:1369: found /usr/bin/gcc
configure:1379: result: gcc
configure:1623: checking for C compiler version
configure:1626: gcc --version </dev/null >&5
gcc (nb3 20231008) 10.5.0
Copyright (C) 2020 Free Software Foundation, Inc.
This is free software; see the source for copying conditions.  There is NO
warranty; not even for MERCHANTABILITY or FITNESS FOR A PARTICULAR PURPOSE.

configure:1629: $? = 0
configure:1631: gcc -v </dev/null >&5
Using built-in specs.
COLLECT_GCC=gcc
COLLECT_LTO_WRAPPER=/usr/libexec/lto-wrapper
Target: sparc64--netbsd
Configured with: /usr/src/tools/gcc/../../external/gpl3/gcc/dist/configure --target=sparc64--netbsd --enable-long-long --enable-threads --with-bugurl=http://www.NetBSD.org/support/send-pr.html --with-pkgversion='NetBSD nb2 20230710' --with-system-zlib --without-isl --enable-__cxa_atexit --enable-libstdcxx-time=rt --enable-libstdcxx-threads --with-diagnostics-color=auto-if-env --with-default-libstdcxx-abi=new --with-mpc-lib=/var/obj/mknative/sparc64/usr/src/external/lgpl3/mpc/lib/libmpc --with-mpfr-lib=/var/obj/mknative/sparc64/usr/src/external/lgpl3/mpfr/lib/libmpfr --with-gmp-lib=/var/obj/mknative/sparc64/usr/src/external/lgpl3/gmp/lib/libgmp --with-mpc-include=/usr/src/external/lgpl3/mpc/dist/src --with-mpfr-include=/usr/src/external/lgpl3/mpfr/dist/src --with-gmp-include=/usr/src/external/lgpl3/gmp/lib/libgmp/arch/sparc64 --enable-tls --disable-multilib --disable-libstdcxx-pch --build=sparc64--netbsd --host=sparc64--netbsd --with-sysroot=/var/obj/mknative/sparc64/usr/src/destdir.sparc64
Thread model: posix
Supported LTO compression algorithms: zlib
gcc version 10.5.0 (nb3 20231008) 
configure:1634: $? = 0
configure:1636: gcc -V </dev/null >&5
gcc: error: unrecognized command-line option '-V'
gcc: fatal error: no input files
compilation terminated.
configure:1639: $? = 1
configure:1662: checking for C compiler default output file name
configure:1665: gcc    conftest.c  >&5
configure:1668: $? = 0
configure:1714: result: a.out
configure:1719: checking whether the C compiler works
configure:1725: ./a.out
configure:1728: $? = 0
configure:1745: result: yes
configure:1752: checking whether we are cross compiling
configure:1754: result: no
configure:1757: checking for suffix of executables
configure:1759: gcc -o conftest    conftest.c  >&5
configure:1762: $? = 0
configure:1787: result: 
configure:1793: checking for suffix of object files
configure:1814: gcc -c   conftest.c >&5
configure:1817: $? = 0
configure:1839: result: o
configure:1843: checking whether we are using the GNU C compiler
configure:1867: gcc -c   conftest.c >&5
configure:1873: $? = 0
configure:1877: test -z 
			 || test ! -s conftest.err
configure:1880: $? = 0
configure:1883: test -s conftest.o
configure:1886: $? = 0
configure:1899: result: yes
configure:1905: checking whether gcc accepts -g
configure:1926: gcc -c -g  conftest.c >&5
configure:1932: $? = 0
configure:1936: test -z 
			 || test ! -s conftest.err
configure:1939: $? = 0
configure:1942: test -s conftest.o
configure:1945: $? = 0
configure:1956: result: yes
configure:1973: checking for gcc option to accept ANSI C
configure:2043: gcc  -c -g -O2  conftest.c >&5
configure:2049: $? = 0
configure:2053: test -z 
			 || test ! -s conftest.err
configure:2056: $? = 0
configure:2059: test -s conftest.o
configure:2062: $? = 0
configure:2080: result: none needed
configure:2098: gcc -c -g -O2  conftest.c >&5
conftest.c:2:3: error: unknown type name 'choke'
    2 |   choke me
      |   ^~~~~
conftest.c:2:3: error: expected '=', ',', ';', 'asm' or '__attribute__' at end of input
configure:2104: $? = 1
configure: failed program was:
| #ifndef __cplusplus
|   choke me
| #endif
configure:2243: checking how to run the C preprocessor
configure:2278: gcc -E  conftest.c
configure:2284: $? = 0
configure:2316: gcc -E  conftest.c
conftest.c:9:10: fatal error: ac_nonexistent.h: No such file or directory
    9 | #include <ac_nonexistent.h>
      |          ^~~~~~~~~~~~~~~~~~
compilation terminated.
configure:2322: $? = 1
configure: failed program was:
| /* confdefs.h.  */
| 
| #define PACKAGE_NAME ""
| #define PACKAGE_TARNAME ""
| #define PACKAGE_VERSION ""
| #define PACKAGE_STRING ""
| #define PACKAGE_BUGREPORT ""
| /* end confdefs.h.  */
| #include <ac_nonexistent.h>
configure:2361: result: gcc -E
configure:2385: gcc -E  conftest.c
configure:2391: $? = 0
configure:2423: gcc -E  conftest.c
conftest.c:9:10: fatal error: ac_nonexistent.h: No such file or directory
    9 | #include <ac_nonexistent.h>
      |          ^~~~~~~~~~~~~~~~~~
compilation terminated.
configure:2429: $? = 1
configure: failed program was:
| /* confdefs.h.  */
| 
| #define PACKAGE_NAME ""
| #define PACKAGE_TARNAME ""
| #define PACKAGE_VERSION ""
| #define PACKAGE_STRING ""
| #define PACKAGE_BUGREPORT ""
| /* end confdefs.h.  */
| #include <ac_nonexistent.h>
configure:2473: checking for egrep
configure:2483: result: grep -E
configure:2489: checking whether gcc needs -traditional
conftest.c:9:10: fatal error: termio.h: No such file or directory
    9 | #include <termio.h>
      |          ^~~~~~~~~~
compilation terminated.
configure:2531: result: no
configure:2544: checking how to run the C preprocessor
configure:2662: result: gcc -E
configure:2686: gcc -E  conftest.c
configure:2692: $? = 0
configure:2724: gcc -E  conftest.c
conftest.c:9:10: fatal error: ac_nonexistent.h: No such file or directory
    9 | #include <ac_nonexistent.h>
      |          ^~~~~~~~~~~~~~~~~~
compilation terminated.
configure:2730: $? = 1
configure: failed program was:
| /* confdefs.h.  */
| 
| #define PACKAGE_NAME ""
| #define PACKAGE_TARNAME ""
| #define PACKAGE_VERSION ""
| #define PACKAGE_STRING ""
| #define PACKAGE_BUGREPORT ""
| /* end confdefs.h.  */
| #include <ac_nonexistent.h>
configure:2773: checking for library containing strerror
configure:2803: gcc -o conftest -g -O2   conftest.c  >&5
configure:2809: $? = 0
configure:2813: test -z 
			 || test ! -s conftest.err
configure:2816: $? = 0
configure:2819: test -s conftest
configure:2822: $? = 0
configure:2892: result: none required
configure:2923: gcc  -o conftest -g -O2   conftest.c  >&5
conftest.c: In function 'main':
conftest.c:10:45: warning: implicit declaration of function 'exit' [-Wimplicit-function-declaration]
   10 | int main(int argc, char *argv) { void *ptr; exit(0); }
      |                                             ^~~~
conftest.c:10:45: warning: incompatible implicit declaration of built-in function 'exit'
conftest.c:1:1: note: include '<stdlib.h>' or provide a declaration of 'exit'
  +++ |+#include <stdlib.h>
    1 | /* confdefs.h.  */
configure:2926: $? = 0
configure:2928: ./conftest
configure:2931: $? = 0
configure:2983: checking how to run the C preprocessor
configure:3101: result: gcc -E
configure:3125: gcc -E  conftest.c
configure:3131: $? = 0
configure:3163: gcc -E  conftest.c
conftest.c:9:10: fatal error: ac_nonexistent.h: No such file or directory
    9 | #include <ac_nonexistent.h>
      |          ^~~~~~~~~~~~~~~~~~
compilation terminated.
configure:3169: $? = 1
configure: failed program was:
| /* confdefs.h.  */
| 
| #define PACKAGE_NAME ""
| #define PACKAGE_TARNAME ""
| #define PACKAGE_VERSION ""
| #define PACKAGE_STRING ""
| #define PACKAGE_BUGREPORT ""
| /* end confdefs.h.  */
| #include <ac_nonexistent.h>
configure:3216: checking for byacc
configure:3245: result: no
configure:3216: checking for yacc
configure:3232: found /usr/bin/yacc
configure:3242: result: yacc
configure:3259: checking for gperf
configure:3275: found /usr/pkg/bin/gperf
configure:3285: result: gperf
configure:3297: checking for ANSI C header files
configure:3322: gcc  -c -g -O2  conftest.c >&5
configure:3328: $? = 0
configure:3332: test -z 
			 || test ! -s conftest.err
configure:3335: $? = 0
configure:3338: test -s conftest.o
configure:3341: $? = 0
configure:3430: gcc  -o conftest -g -O2   conftest.c  >&5
conftest.c: In function 'main':
conftest.c:26:7: warning: implicit declaration of function 'exit' [-Wimplicit-function-declaration]
   26 |       exit(2);
      |       ^~~~
conftest.c:26:7: warning: incompatible implicit declaration of built-in function 'exit'
conftest.c:10:1: note: include '<stdlib.h>' or provide a declaration of 'exit'
    9 | #include <ctype.h>
  +++ |+#include <stdlib.h>
   10 | #if ((' ' & 0x0FF) == 0x020)
conftest.c:27:3: warning: incompatible implicit declaration of built-in function 'exit'
   27 |   exit (0);
      |   ^~~~
conftest.c:27:3: note: include '<stdlib.h>' or provide a declaration of 'exit'
configure:3433: $? = 0
configure:3435: ./conftest
configure:3438: $? = 0
configure:3453: result: yes
configure:3477: checking for sys/types.h
configure:3493: gcc  -c -g -O2  conftest.c >&5
configure:3499: $? = 0
configure:3503: test -z 
			 || test ! -s conftest.err
configure:3506: $? = 0
configure:3509: test -s conftest.o
configure:3512: $? = 0
configure:3523: result: yes
configure:3477: checking for sys/stat.h
configure:3493: gcc  -c -g -O2  conftest.c >&5
configure:3499: $? = 0
configure:3503: test -z 
			 || test ! -s conftest.err
configure:3506: $? = 0
configure:3509: test -s conftest.o
configure:3512: $? = 0
configure:3523: result: yes
configure:3477: checking for stdlib.h
configure:3493: gcc  -c -g -O2  conftest.c >&5
configure:3499: $? = 0
configure:3503: test -z 
			 || test ! -s conftest.err
configure:3506: $? = 0
configure:3509: test -s conftest.o
configure:3512: $? = 0
configure:3523: result: yes
configure:3477: checking for string.h
configure:3493: gcc  -c -g -O2  conftest.c >&5
configure:3499: $? = 0
configure:3503: test -z 
			 || test ! -s conftest.err
configure:3506: $? = 0
configure:3509: test -s conftest.o
configure:3512: $? = 0
configure:3523: result: yes
configure:3477: checking for memory.h
configure:3493: gcc  -c -g -O2  conftest.c >&5
configure:3499: $? = 0
configure:3503: test -z 
			 || test ! -s conftest.err
configure:3506: $? = 0
configure:3509: test -s conftest.o
configure:3512: $? = 0
configure:3523: result: yes
configure:3477: checking for strings.h
configure:3493: gcc  -c -g -O2  conftest.c >&5
configure:3499: $? = 0
configure:3503: test -z 
			 || test ! -s conftest.err
configure:3506: $? = 0
configure:3509: test -s conftest.o
configure:3512: $? = 0
configure:3523: result: yes
configure:3477: checking for inttypes.h
configure:3493: gcc  -c -g -O2  conftest.c >&5
configure:3499: $? = 0
configure:3503: test -z 
			 || test ! -s conftest.err
configure:3506: $? = 0
configure:3509: test -s conftest.o
configure:3512: $? = 0
configure:3523: result: yes
configure:3477: checking for stdint.h
configure:3493: gcc  -c -g -O2  conftest.c >&5
configure:3499: $? = 0
configure:3503: test -z 
			 || test ! -s conftest.err
configure:3506: $? = 0
configure:3509: test -s conftest.o
configure:3512: $? = 0
configure:3523: result: yes
configure:3477: checking for unistd.h
configure:3493: gcc  -c -g -O2  conftest.c >&5
configure:3499: $? = 0
configure:3503: test -z 
			 || test ! -s conftest.err
configure:3506: $? = 0
configure:3509: test -s conftest.o
configure:3512: $? = 0
configure:3523: result: yes
configure:3538: checking whether malloc is declared in stdlib.h
configure:3552: result: yes
configure:3721: checking sys/bsdtypes.h usability
configure:3733: gcc  -c -g -O2  conftest.c >&5
conftest.c:53:10: fatal error: sys/bsdtypes.h: No such file or directory
   53 | #include <sys/bsdtypes.h>
      |          ^~~~~~~~~~~~~~~~
compilation terminated.
configure:3739: $? = 1
configure: failed program was:
| /* confdefs.h.  */
| 
| #define PACKAGE_NAME ""
| #define PACKAGE_TARNAME ""
| #define PACKAGE_VERSION ""
| #define PACKAGE_STRING ""
| #define PACKAGE_BUGREPORT ""
| #define STDC_HEADERS 1
| #define HAVE_SYS_TYPES_H 1
| #define HAVE_SYS_STAT_H 1
| #define HAVE_STDLIB_H 1
| #define HAVE_STRING_H 1
| #define HAVE_MEMORY_H 1
| #define HAVE_STRINGS_H 1
| #define HAVE_INTTYPES_H 1
| #define HAVE_STDINT_H 1
| #define HAVE_UNISTD_H 1
| /* end confdefs.h.  */
| #include <stdio.h>
| #if HAVE_SYS_TYPES_H
| # include <sys/types.h>
| #endif
| #if HAVE_SYS_STAT_H
| # include <sys/stat.h>
| #endif
| #if STDC_HEADERS
| # include <stdlib.h>
| # include <stddef.h>
| #else
| # if HAVE_STDLIB_H
| #  include <stdlib.h>
| # endif
| #endif
| #if HAVE_STRING_H
| # if !STDC_HEADERS && HAVE_MEMORY_H
| #  include <memory.h>
| # endif
| # include <string.h>
| #endif
| #if HAVE_STRINGS_H
| # include <strings.h>
| #endif
| #if HAVE_INTTYPES_H
| # include <inttypes.h>
| #else
| # if HAVE_STDINT_H
| #  include <stdint.h>
| # endif
| #endif
| #if HAVE_UNISTD_H
| # include <unistd.h>
| #endif
| #include <sys/bsdtypes.h>
configure:3762: result: no
configure:3766: checking sys/bsdtypes.h presence
configure:3776: gcc -E  conftest.c
conftest.c:19:10: fatal error: sys/bsdtypes.h: No such file or directory
   19 | #include <sys/bsdtypes.h>
      |          ^~~~~~~~~~~~~~~~
compilation terminated.
configure:3782: $? = 1
configure: failed program was:
| /* confdefs.h.  */
| 
| #define PACKAGE_NAME ""
| #define PACKAGE_TARNAME ""
| #define PACKAGE_VERSION ""
| #define PACKAGE_STRING ""
| #define PACKAGE_BUGREPORT ""
| #define STDC_HEADERS 1
| #define HAVE_SYS_TYPES_H 1
| #define HAVE_SYS_STAT_H 1
| #define HAVE_STDLIB_H 1
| #define HAVE_STRING_H 1
| #define HAVE_MEMORY_H 1
| #define HAVE_STRINGS_H 1
| #define HAVE_INTTYPES_H 1
| #define HAVE_STDINT_H 1
| #define HAVE_UNISTD_H 1
| /* end confdefs.h.  */
| #include <sys/bsdtypes.h>
configure:3802: result: no
configure:3837: checking for sys/bsdtypes.h
configure:3844: result: no
configure:3866: checking sys/select.h usability
configure:3878: gcc  -c -g -O2  conftest.c >&5
configure:3884: $? = 0
configure:3888: test -z 
			 || test ! -s conftest.err
configure:3891: $? = 0
configure:3894: test -s conftest.o
configure:3897: $? = 0
configure:3907: result: yes
configure:3911: checking sys/select.h presence
configure:3921: gcc -E  conftest.c
configure:3927: $? = 0
configure:3947: result: yes
configure:3982: checking for sys/select.h
configure:3989: result: yes
configure:4011: checking sys/filio.h usability
configure:4023: gcc  -c -g -O2  conftest.c >&5
configure:4029: $? = 0
configure:4033: test -z 
			 || test ! -s conftest.err
configure:4036: $? = 0
configure:4039: test -s conftest.o
configure:4042: $? = 0
configure:4052: result: yes
configure:4056: checking sys/filio.h presence
configure:4066: gcc -E  conftest.c
configure:4072: $? = 0
configure:4092: result: yes
configure:4127: checking for sys/filio.h
configure:4134: result: yes
configure:4147: checking for memory.h
configure:4152: result: yes
configure:4291: checking for pid_t
configure:4315: gcc  -c -g -O2  conftest.c >&5
configure:4321: $? = 0
configure:4325: test -z 
			 || test ! -s conftest.err
configure:4328: $? = 0
configure:4331: test -s conftest.o
configure:4334: $? = 0
configure:4345: result: yes
configure:4357: checking for mode_t
configure:4381: gcc  -c -g -O2  conftest.c >&5
configure:4387: $? = 0
configure:4391: test -z 
			 || test ! -s conftest.err
configure:4394: $? = 0
configure:4397: test -s conftest.o
configure:4400: $? = 0
configure:4411: result: yes
configure:4423: checking for size_t
configure:4447: gcc  -c -g -O2  conftest.c >&5
configure:4453: $? = 0
configure:4457: test -z 
			 || test ! -s conftest.err
configure:4460: $? = 0
configure:4463: test -s conftest.o
configure:4466: $? = 0
configure:4477: result: yes
configure:4489: checking whether struct tm is in sys/time.h or time.h
configure:4512: gcc  -c -g -O2  conftest.c >&5
configure:4518: $? = 0
configure:4522: test -z 
			 || test ! -s conftest.err
configure:4525: $? = 0
configure:4528: test -s conftest.o
configure:4531: $? = 0
configure:4542: result: time.h
configure:4552: checking for struct tm.tm_zone
configure:4578: gcc  -c -g -O2  conftest.c >&5
configure:4584: $? = 0
configure:4588: test -z 
			 || test ! -s conftest.err
configure:4591: $? = 0
configure:4594: test -s conftest.o
configure:4597: $? = 0
configure:4657: result: yes
configure:4743: checking for library containing sqrt
configure:4773: gcc  -o conftest -g -O2   conftest.c  >&5
conftest.c:31:6: warning: conflicting types for built-in function 'sqrt'; expected 'double(double)' [-Wbuiltin-declaration-mismatch]
   31 | char sqrt ();
      |      ^~~~
conftest.c:1:1: note: 'sqrt' is declared in header '<math.h>'
    1 | /* confdefs.h.  */
ld: /tmp//cczoJuSS.o: in function `main':
/home/dive/mooserver/conftest.c:35: undefined reference to `sqrt'
configure:4779: $? = 1
configure: failed program was:
| /* confdefs.h.  */
| 
| #define PACKAGE_NAME ""
| #define PACKAGE_TARNAME ""
| #define PACKAGE_VERSION ""
| #define PACKAGE_STRING ""
| #define PACKAGE_BUGREPORT ""
| #define STDC_HEADERS 1
| #define HAVE_SYS_TYPES_H 1
| #define HAVE_SYS_STAT_H 1
| #define HAVE_STDLIB_H 1
| #define HAVE_STRING_H 1
| #define HAVE_MEMORY_H 1
| #define HAVE_STRINGS_H 1
| #define HAVE_INTTYPES_H 1
| #define HAVE_STDINT_H 1
| #define HAVE_UNISTD_H 1
| #define NEED_SELECT_H 1
| #define HAVE_FILIO_H 1
| #define NEED_MEMORY_H 1
| #define HAVE_STRUCT_TM_TM_ZONE 1
| #define HAVE_TM_ZONE 1
| /* end confdefs.h.  */
| 
| /* Override any gcc2 internal prototype to avoid an error.  */
| #ifdef __cplusplus
| extern "C"
| #endif
| /* We use char because int might match the return type of a gcc2
|    builtin and then its argument prototype would still apply.  */
| char sqrt ();
| int
| main ()
| {
| sqrt ();
|   ;
|   return 0;
| }
configure:4828: gcc  -o conftest -g -O2   conftest.c -lm   >&5
conftest.c:31:6: warning: conflicting types for built-in function 'sqrt'; expected 'double(double)' [-Wbuiltin-declaration-mismatch]
   31 | char sqrt ();
      |      ^~~~
conftest.c:1:1: note: 'sqrt' is declared in header '<math.h>'
    1 | /* confdefs.h.  */
configure:4834: $? = 0
configure:4838: test -z 
			 || test ! -s conftest.err
configure:4841: $? = 0
configure:4844: test -s conftest
configure:4847: $? = 0
configure:4862: result: -lm
configure:4872: checking for library containing waitpid
configure:4902: gcc  -o conftest -g -O2   conftest.c -lm  >&5
configure:4908: $? = 0
configure:4912: test -z 
			 || test ! -s conftest.err
configure:4915: $? = 0
configure:4918: test -s conftest
configure:4921: $? = 0
configure:4991: result: none required
configure:5001: checking for library containing sigemptyset
configure:5031: gcc  -o conftest -g -O2   conftest.c -lm  >&5
ld: /tmp//ccOzgClK.o: in function `main':
/home/dive/mooserver/conftest.c:37: warning: warning: reference to compatibility sigemptyset(); include <signal.h> for correct reference
configure:5037: $? = 0
configure:5041: test -z 
			 || test ! -s conftest.err
configure:5044: $? = 0
configure:5047: test -s conftest
configure:5050: $? = 0
configure:5120: result: none required
configure:5130: checking for library containing accept
configure:5160: gcc  -o conftest -g -O2   conftest.c -lm  >&5
configure:5166: $? = 0
configure:5170: test -z 
			 || test ! -s conftest.err
configure:5173: $? = 0
configure:5176: test -s conftest
configure:5179: $? = 0
configure:5249: result: none required
configure:5259: checking for library containing t_open
configure:5289: gcc  -o conftest -g -O2   conftest.c -lm  >&5
ld: /tmp//cc4AT0xl.o: in function `main':
/home/dive/mooserver/conftest.c:39: undefined reference to `t_open'
configure:5295: $? = 1
configure: failed program was:
| /* confdefs.h.  */
| 
| #define PACKAGE_NAME ""
| #define PACKAGE_TARNAME ""
| #define PACKAGE_VERSION ""
| #define PACKAGE_STRING ""
| #define PACKAGE_BUGREPORT ""
| #define STDC_HEADERS 1
| #define HAVE_SYS_TYPES_H 1
| #define HAVE_SYS_STAT_H 1
| #define HAVE_STDLIB_H 1
| #define HAVE_STRING_H 1
| #define HAVE_MEMORY_H 1
| #define HAVE_STRINGS_H 1
| #define HAVE_INTTYPES_H 1
| #define HAVE_STDINT_H 1
| #define HAVE_UNISTD_H 1
| #define NEED_SELECT_H 1
| #define HAVE_FILIO_H 1
| #define NEED_MEMORY_H 1
| #define HAVE_STRUCT_TM_TM_ZONE 1
| #define HAVE_TM_ZONE 1
| #define HAVE_SQRT 1
| #define HAVE_WAITPID 1
| #define HAVE_SIGEMPTYSET 1
| #define HAVE_ACCEPT 1
| /* end confdefs.h.  */
| 
| /* Override any gcc2 internal prototype to avoid an error.  */
| #ifdef __cplusplus
| extern "C"
| #endif
| /* We use char because int might match the return type of a gcc2
|    builtin and then its argument prototype would still apply.  */
| char t_open ();
| int
| main ()
| {
| t_open ();
|   ;
|   return 0;
| }
configure:5344: gcc  -o conftest -g -O2   conftest.c -lnsl  -lm  >&5
ld: cannot find -lnsl
configure:5350: $? = 1
configure: failed program was:
| /* confdefs.h.  */
| 
| #define PACKAGE_NAME ""
| #define PACKAGE_TARNAME ""
| #define PACKAGE_VERSION ""
| #define PACKAGE_STRING ""
| #define PACKAGE_BUGREPORT ""
| #define STDC_HEADERS 1
| #define HAVE_SYS_TYPES_H 1
| #define HAVE_SYS_STAT_H 1
| #define HAVE_STDLIB_H 1
| #define HAVE_STRING_H 1
| #define HAVE_MEMORY_H 1
| #define HAVE_STRINGS_H 1
| #define HAVE_INTTYPES_H 1
| #define HAVE_STDINT_H 1
| #define HAVE_UNISTD_H 1
| #define NEED_SELECT_H 1
| #define HAVE_FILIO_H 1
| #define NEED_MEMORY_H 1
| #define HAVE_STRUCT_TM_TM_ZONE 1
| #define HAVE_TM_ZONE 1
| #define HAVE_SQRT 1
| #define HAVE_WAITPID 1
| #define HAVE_SIGEMPTYSET 1
| #define HAVE_ACCEPT 1
| /* end confdefs.h.  */
| 
| /* Override any gcc2 internal prototype to avoid an error.  */
| #ifdef __cplusplus
| extern "C"
| #endif
| /* We use char because int might match the return type of a gcc2
|    builtin and then its argument prototype would still apply.  */
| char t_open ();
| int
| main ()
| {
| t_open ();
|   ;
|   return 0;
| }
configure:5344: gcc  -o conftest -g -O2   conftest.c -lnsl_s  -lm  >&5
ld: cannot find -lnsl_s
configure:5350: $? = 1
configure: failed program was:
| /* confdefs.h.  */
| 
| #define PACKAGE_NAME ""
| #define PACKAGE_TARNAME ""
| #define PACKAGE_VERSION ""
| #define PACKAGE_STRING ""
| #define PACKAGE_BUGREPORT ""
| #define STDC_HEADERS 1
| #define HAVE_SYS_TYPES_H 1
| #define HAVE_SYS_STAT_H 1
| #define HAVE_STDLIB_H 1
| #define HAVE_STRING_H 1
| #define HAVE_MEMORY_H 1
| #define HAVE_STRINGS_H 1
| #define HAVE_INTTYPES_H 1
| #define HAVE_STDINT_H 1
| #define HAVE_UNISTD_H 1
| #define NEED_SELECT_H 1
| #define HAVE_FILIO_H 1
| #define NEED_MEMORY_H 1
| #define HAVE_STRUCT_TM_TM_ZONE 1
| #define HAVE_TM_ZONE 1
| #define HAVE_SQRT 1
| #define HAVE_WAITPID 1
| #define HAVE_SIGEMPTYSET 1
| #define HAVE_ACCEPT 1
| /* end confdefs.h.  */
| 
| /* Override any gcc2 internal prototype to avoid an error.  */
| #ifdef __cplusplus
| extern "C"
| #endif
| /* We use char because int might match the return type of a gcc2
|    builtin and then its argument prototype would still apply.  */
| char t_open ();
| int
| main ()
| {
| t_open ();
|   ;
|   return 0;
| }
configure:5378: result: no
configure:5388: checking for library containing crypt
configure:5418: gcc  -o conftest -g -O2   conftest.c -lm  >&5
ld: /tmp//ccV4KzOr.o: in function `main':
/home/dive/mooserver/conftest.c:39: undefined reference to `crypt'
configure:5424: $? = 1
configure: failed program was:
| /* confdefs.h.  */
| 
| #define PACKAGE_NAME ""
| #define PACKAGE_TARNAME ""
| #define PACKAGE_VERSION ""
| #define PACKAGE_STRING ""
| #define PACKAGE_BUGREPORT ""
| #define STDC_HEADERS 1
| #define HAVE_SYS_TYPES_H 1
| #define HAVE_SYS_STAT_H 1
| #define HAVE_STDLIB_H 1
| #define HAVE_STRING_H 1
| #define HAVE_MEMORY_H 1
| #define HAVE_STRINGS_H 1
| #define HAVE_INTTYPES_H 1
| #define HAVE_STDINT_H 1
| #define HAVE_UNISTD_H 1
| #define NEED_SELECT_H 1
| #define HAVE_FILIO_H 1
| #define NEED_MEMORY_H 1
| #define HAVE_STRUCT_TM_TM_ZONE 1
| #define HAVE_TM_ZONE 1
| #define HAVE_SQRT 1
| #define HAVE_WAITPID 1
| #define HAVE_SIGEMPTYSET 1
| #define HAVE_ACCEPT 1
| /* end confdefs.h.  */
| 
| /* Override any gcc2 internal prototype to avoid an error.  */
| #ifdef __cplusplus
| extern "C"
| #endif
| /* We use char because int might match the return type of a gcc2
|    builtin and then its argument prototype would still apply.  */
| char crypt ();
| int
| main ()
| {
| crypt ();
|   ;
|   return 0;
| }
configure:5473: gcc  -o conftest -g -O2   conftest.c -lcrypt  -lm  >&5
configure:5479: $? = 0
configure:5483: test -z 
			 || test ! -s conftest.err
configure:5486: $? = 0
configure:5489: test -s conftest
configure:5492: $? = 0
configure:5507: result: -lcrypt
configure:5528: checking for unistd.h
configure:5533: result: yes
configure:5537: checking sys/cdefs.h usability
configure:5549: gcc  -c -g -O2  conftest.c >&5
configure:5555: $? = 0
configure:5559: test -z 
			 || test ! -s conftest.err
configure:5562: $? = 0
configure:5565: test -s conftest.o
configure:5568: $? = 0
configure:5578: result: yes
configure:5582: checking sys/cdefs.h presence
configure:5592: gcc -E  conftest.c
configure:5598: $? = 0
configure:5618: result: yes
configure:5653: checking for sys/cdefs.h
configure:5660: result: yes
configure:5528: checking for stdlib.h
configure:5533: result: yes
configure:5537: checking tiuser.h usability
configure:5549: gcc  -c -g -O2  conftest.c >&5
conftest.c:66:10: fatal error: tiuser.h: No such file or directory
   66 | #include <tiuser.h>
      |          ^~~~~~~~~~
compilation terminated.
configure:5555: $? = 1
configure: failed program was:
| /* confdefs.h.  */
| 
| #define PACKAGE_NAME ""
| #define PACKAGE_TARNAME ""
| #define PACKAGE_VERSION ""
| #define PACKAGE_STRING ""
| #define PACKAGE_BUGREPORT ""
| #define STDC_HEADERS 1
| #define HAVE_SYS_TYPES_H 1
| #define HAVE_SYS_STAT_H 1
| #define HAVE_STDLIB_H 1
| #define HAVE_STRING_H 1
| #define HAVE_MEMORY_H 1
| #define HAVE_STRINGS_H 1
| #define HAVE_INTTYPES_H 1
| #define HAVE_STDINT_H 1
| #define HAVE_UNISTD_H 1
| #define NEED_SELECT_H 1
| #define HAVE_FILIO_H 1
| #define NEED_MEMORY_H 1
| #define HAVE_STRUCT_TM_TM_ZONE 1
| #define HAVE_TM_ZONE 1
| #define HAVE_SQRT 1
| #define HAVE_WAITPID 1
| #define HAVE_SIGEMPTYSET 1
| #define HAVE_ACCEPT 1
| #define HAVE_CRYPT 1
| #define HAVE_UNISTD_H 1
| #define HAVE_SYS_CDEFS_H 1
| #define HAVE_STDLIB_H 1
| /* end confdefs.h.  */
| #include <stdio.h>
| #if HAVE_SYS_TYPES_H
| # include <sys/types.h>
| #endif
| #if HAVE_SYS_STAT_H
| # include <sys/stat.h>
| #endif
| #if STDC_HEADERS
| # include <stdlib.h>
| # include <stddef.h>
| #else
| # if HAVE_STDLIB_H
| #  include <stdlib.h>
| # endif
| #endif
| #if HAVE_STRING_H
| # if !STDC_HEADERS && HAVE_MEMORY_H
| #  include <memory.h>
| # endif
| # include <string.h>
| #endif
| #if HAVE_STRINGS_H
| # include <strings.h>
| #endif
| #if HAVE_INTTYPES_H
| # include <inttypes.h>
| #else
| # if HAVE_STDINT_H
| #  include <stdint.h>
| # endif
| #endif
| #if HAVE_UNISTD_H
| # include <unistd.h>
| #endif
| #include <tiuser.h>
configure:5578: result: no
configure:5582: checking tiuser.h presence
configure:5592: gcc -E  conftest.c
conftest.c:32:10: fatal error: tiuser.h: No such file or directory
   32 | #include <tiuser.h>
      |          ^~~~~~~~~~
compilation terminated.
configure:5598: $? = 1
configure: failed program was:
| /* confdefs.h.  */
| 
| #define PACKAGE_NAME ""
| #define PACKAGE_TARNAME ""
| #define PACKAGE_VERSION ""
| #define PACKAGE_STRING ""
| #define PACKAGE_BUGREPORT ""
| #define STDC_HEADERS 1
| #define HAVE_SYS_TYPES_H 1
| #define HAVE_SYS_STAT_H 1
| #define HAVE_STDLIB_H 1
| #define HAVE_STRING_H 1
| #define HAVE_MEMORY_H 1
| #define HAVE_STRINGS_H 1
| #define HAVE_INTTYPES_H 1
| #define HAVE_STDINT_H 1
| #define HAVE_UNISTD_H 1
| #define NEED_SELECT_H 1
| #define HAVE_FILIO_H 1
| #define NEED_MEMORY_H 1
| #define HAVE_STRUCT_TM_TM_ZONE 1
| #define HAVE_TM_ZONE 1
| #define HAVE_SQRT 1
| #define HAVE_WAITPID 1
| #define HAVE_SIGEMPTYSET 1
| #define HAVE_ACCEPT 1
| #define HAVE_CRYPT 1
| #define HAVE_UNISTD_H 1
| #define HAVE_SYS_CDEFS_H 1
| #define HAVE_STDLIB_H 1
| /* end confdefs.h.  */
| #include <tiuser.h>
configure:5618: result: no
configure:5653: checking for tiuser.h
configure:5660: result: no
configure:5537: checking machine/endian.h usability
configure:5549: gcc  -c -g -O2  conftest.c >&5
configure:5555: $? = 0
configure:5559: test -z 
			 || test ! -s conftest.err
configure:5562: $? = 0
configure:5565: test -s conftest.o
configure:5568: $? = 0
configure:5578: result: yes
configure:5582: checking machine/endian.h presence
configure:5592: gcc -E  conftest.c
configure:5598: $? = 0
configure:5618: result: yes
configure:5653: checking for machine/endian.h
configure:5660: result: yes
configure:5537: checking locale.h usability
configure:5549: gcc  -c -g -O2  conftest.c >&5
configure:5555: $? = 0
configure:5559: test -z 
			 || test ! -s conftest.err
configure:5562: $? = 0
configure:5565: test -s conftest.o
configure:5568: $? = 0
configure:5578: result: yes
configure:5582: checking locale.h presence
configure:5592: gcc -E  conftest.c
configure:5598: $? = 0
configure:5618: result: yes
configure:5653: checking for locale.h
configure:5660: result: yes
configure:5683: checking for remove
configure:5740: gcc  -o conftest -g -O2   conftest.c -lcrypt -lm  >&5
configure:5746: $? = 0
configure:5750: test -z 
			 || test ! -s conftest.err
configure:5753: $? = 0
configure:5756: test -s conftest
configure:5759: $? = 0
configure:5771: result: yes
configure:5683: checking for rename
configure:5740: gcc  -o conftest -g -O2   conftest.c -lcrypt -lm  >&5
configure:5746: $? = 0
configure:5750: test -z 
			 || test ! -s conftest.err
configure:5753: $? = 0
configure:5756: test -s conftest
configure:5759: $? = 0
configure:5771: result: yes
configure:5683: checking for select
configure:5740: gcc  -o conftest -g -O2   conftest.c -lcrypt -lm  >&5
ld: /tmp//cciFBtkz.o:/home/dive/mooserver/conftest.c:67: warning: warning: reference to compatibility select(); include <sys/select.h> to generate correct reference
configure:5746: $? = 0
configure:5750: test -z 
			 || test ! -s conftest.err
configure:5753: $? = 0
configure:5756: test -s conftest
configure:5759: $? = 0
configure:5771: result: yes
configure:5683: checking for strerror
configure:5740: gcc  -o conftest -g -O2   conftest.c -lcrypt -lm  >&5
configure:5746: $? = 0
configure:5750: test -z 
			 || test ! -s conftest.err
configure:5753: $? = 0
configure:5756: test -s conftest
configure:5759: $? = 0
configure:5771: result: yes
configure:5683: checking for strftime
configure:5740: gcc  -o conftest -g -O2   conftest.c -lcrypt -lm  >&5
conftest.c:62:6: warning: conflicting types for built-in function 'strftime'; expected 'long unsigned int(char *, long unsigned int,  const char *, const void *)' [-Wbuiltin-declaration-mismatch]
   62 | char strftime ();
      |      ^~~~~~~~
conftest.c:49:1: note: 'strftime' is declared in header '<time.h>'
   48 | # include <limits.h>
   49 | #else
configure:5746: $? = 0
configure:5750: test -z 
			 || test ! -s conftest.err
configure:5753: $? = 0
configure:5756: test -s conftest
configure:5759: $? = 0
configure:5771: result: yes
configure:5683: checking for strtoul
configure:5740: gcc  -o conftest -g -O2   conftest.c -lcrypt -lm  >&5
configure:5746: $? = 0
configure:5750: test -z 
			 || test ! -s conftest.err
configure:5753: $? = 0
configure:5756: test -s conftest
configure:5759: $? = 0
configure:5771: result: yes
configure:5683: checking for matherr
configure:5740: gcc  -o conftest -g -O2   conftest.c -lcrypt -lm  >&5
configure:5746: $? = 0
configure:5750: test -z 
			 || test ! -s conftest.err
configure:5753: $? = 0
configure:5756: test -s conftest
configure:5759: $? = 0
configure:5771: result: yes
configure:5791: checking for random
configure:5848: gcc  -o conftest -g -O2   conftest.c -lcrypt -lm  >&5
configure:5854: $? = 0
configure:5858: test -z 
			 || test ! -s conftest.err
configure:5861: $? = 0
configure:5864: test -s conftest
configure:5867: $? = 0
configure:5879: result: yes
configure:5791: checking for lrand48
configure:5848: gcc  -o conftest -g -O2   conftest.c -lcrypt -lm  >&5
configure:5854: $? = 0
configure:5858: test -z 
			 || test ! -s conftest.err
configure:5861: $? = 0
configure:5864: test -s conftest
configure:5867: $? = 0
configure:5879: result: yes
configure:5791: checking for wait3
configure:5848: gcc  -o conftest -g -O2   conftest.c -lcrypt -lm  >&5
ld: /tmp//cc21ez4W.o:/home/dive/mooserver/conftest.c:74: warning: warning: reference to compatibility wait3(); include <sys/wait.h> to generate correct reference
configure:5854: $? = 0
configure:5858: test -z 
			 || test ! -s conftest.err
configure:5861: $? = 0
configure:5864: test -s conftest
configure:5867: $? = 0
configure:5879: result: yes
configure:5791: checking for wait2
configure:5848: gcc  -o conftest -g -O2   conftest.c -lcrypt -lm  >&5
ld: /tmp//cc4S7TMY.o:/home/dive/mooserver/conftest.c:75: undefined reference to `wait2'
ld: /tmp//cc4S7TMY.o: in function `main':
/home/dive/mooserver/conftest.c:84: undefined reference to `wait2'
ld: /home/dive/mooserver/conftest.c:84: undefined reference to `wait2'
ld: /home/dive/mooserver/conftest.c:84: undefined reference to `wait2'
configure:5854: $? = 1
configure: failed program was:
| /* confdefs.h.  */
| 
| #define PACKAGE_NAME ""
| #define PACKAGE_TARNAME ""
| #define PACKAGE_VERSION ""
| #define PACKAGE_STRING ""
| #define PACKAGE_BUGREPORT ""
| #define STDC_HEADERS 1
| #define HAVE_SYS_TYPES_H 1
| #define HAVE_SYS_STAT_H 1
| #define HAVE_STDLIB_H 1
| #define HAVE_STRING_H 1
| #define HAVE_MEMORY_H 1
| #define HAVE_STRINGS_H 1
| #define HAVE_INTTYPES_H 1
| #define HAVE_STDINT_H 1
| #define HAVE_UNISTD_H 1
| #define NEED_SELECT_H 1
| #define HAVE_FILIO_H 1
| #define NEED_MEMORY_H 1
| #define HAVE_STRUCT_TM_TM_ZONE 1
| #define HAVE_TM_ZONE 1
| #define HAVE_SQRT 1
| #define HAVE_WAITPID 1
| #define HAVE_SIGEMPTYSET 1
| #define HAVE_ACCEPT 1
| #define HAVE_CRYPT 1
| #define HAVE_UNISTD_H 1
| #define HAVE_SYS_CDEFS_H 1
| #define HAVE_STDLIB_H 1
| #define HAVE_MACHINE_ENDIAN_H 1
| #define HAVE_LOCALE_H 1
| #define HAVE_REMOVE 1
| #define HAVE_RENAME 1
| #define HAVE_SELECT 1
| #define HAVE_STRERROR 1
| #define HAVE_STRFTIME 1
| #define HAVE_STRTOUL 1
| #define HAVE_MATHERR 1
| #define HAVE_RANDOM 1
| #define HAVE_LRAND48 1
| #define HAVE_WAIT3 1
| /* end confdefs.h.  */
| /* Define wait2 to an innocuous variant, in case <limits.h> declares wait2.
|    For example, HP-UX 11i <limits.h> declares gettimeofday.  */
| #define wait2 innocuous_wait2
| 
| /* System header to define __stub macros and hopefully few prototypes,
|     which can conflict with char wait2 (); below.
|     Prefer <limits.h> to <assert.h> if __STDC__ is defined, since
|     <limits.h> exists even on freestanding compilers.  */
| 
| #ifdef __STDC__
| # include <limits.h>
| #else
| # include <assert.h>
| #endif
| 
| #undef wait2
| 
| /* Override any gcc2 internal prototype to avoid an error.  */
| #ifdef __cplusplus
| extern "C"
| {
| #endif
| /* We use char because int might match the return type of a gcc2
|    builtin and then its argument prototype would still apply.  */
| char wait2 ();
| /* The GNU C library defines this for functions which it implements
|     to always fail with ENOSYS.  Some functions are actually named
|     something starting with __ and the normal name is an alias.  */
| #if defined (__stub_wait2) || defined (__stub___wait2)
| choke me
| #else
| char (*f) () = wait2;
| #endif
| #ifdef __cplusplus
| }
| #endif
| 
| int
| main ()
| {
| return f != wait2;
|   ;
|   return 0;
| }
configure:5879: result: no
configure:5791: checking for sigsetmask
configure:5848: gcc  -o conftest -g -O2   conftest.c -lcrypt -lm  >&5
configure:5854: $? = 0
configure:5858: test -z 
			 || test ! -s conftest.err
configure:5861: $? = 0
configure:5864: test -s conftest
configure:5867: $? = 0
configure:5879: result: yes
configure:5791: checking for sigprocmask
configure:5848: gcc  -o conftest -g -O2   conftest.c -lcrypt -lm  >&5
ld: /tmp//cc8JYIDW.o:/home/dive/mooserver/conftest.c:76: warning: warning: reference to compatibility sigprocmask(); include <signal.h> for correct reference
configure:5854: $? = 0
configure:5858: test -z 
			 || test ! -s conftest.err
configure:5861: $? = 0
configure:5864: test -s conftest
configure:5867: $? = 0
configure:5879: result: yes
configure:5791: checking for sigrelse
configure:5848: gcc  -o conftest -g -O2   conftest.c -lcrypt -lm  >&5
configure:5854: $? = 0
configure:5858: test -z 
			 || test ! -s conftest.err
configure:5861: $? = 0
configure:5864: test -s conftest
configure:5867: $? = 0
configure:5879: result: yes
configure:5897: checking whether tolower is declared in ctype.h
configure:5911: result: yes
configure:5937: checking whether fcntl is declared in fcntl.h
configure:5951: result: yes
configure:5977: checking whether htonl is declared in netinet/in.h
configure:5991: result: yes
configure:6017: checking whether ioctl is declared in sys/ioctl.h
configure:6031: result: yes
configure:6057: checking whether kill is declared in signal.h
configure:6071: result: yes
configure:6057: checking whether sigemptyset is declared in signal.h
configure:6071: result: yes
configure:6057: checking whether sigprocmask is declared in signal.h
configure:6071: result: yes
configure:6057: checking whether sigrelse is declared in signal.h
configure:6071: result: yes
configure:6097: checking whether accept is declared in sys/socket.h
configure:6111: result: yes
configure:6097: checking whether bind is declared in sys/socket.h
configure:6111: result: yes
configure:6097: checking whether shutdown is declared in sys/socket.h
configure:6111: result: yes
configure:6137: checking whether fstat is declared in sys/stat.h
configure:6151: result: yes
configure:6177: checking whether fclose is declared in stdio.h
configure:6191: result: yes
configure:6177: checking whether perror is declared in stdio.h
configure:6191: result: yes
configure:6177: checking whether remove is declared in stdio.h
configure:6191: result: yes
configure:6177: checking whether vfprintf is declared in stdio.h
configure:6191: result: yes
configure:6217: checking whether random is declared in stdlib.h
configure:6231: result: yes
configure:6217: checking whether srandom is declared in stdlib.h
configure:6231: result: yes
configure:6217: checking whether strtod is declared in stdlib.h
configure:6231: result: yes
configure:6217: checking whether strtol is declared in stdlib.h
configure:6231: result: yes
configure:6217: checking whether strtoul is declared in stdlib.h
configure:6231: result: yes
configure:6294: checking whether bzero is declared in string.h
configure:6308: result: yes
configure:6358: checking whether memcpy is declared in string.h
configure:6372: result: yes
configure:6422: checking whether memset is declared in string.h
configure:6436: result: yes
configure:6486: checking whether strerror is declared in string.h
configure:6500: result: yes
configure:6551: checking whether bzero is declared in stdlib.h
configure:6574: result: no
configure:6626: checking whether getitimer is declared in sys/time.h
configure:6640: result: yes
configure:6720: checking whether setitimer is declared in sys/time.h
configure:6734: result: yes
configure:6814: checking whether select is declared in sys/time.h
configure:6828: result: yes
configure:6915: checking whether strftime is declared in time.h
configure:6929: result: yes
configure:6915: checking whether time is declared in time.h
configure:6929: result: yes
configure:6955: checking whether tzname is declared in time.h
configure:6969: result: yes
configure:6995: checking whether t_open is declared in tiuser.h
conftest.c:47:10: fatal error: tiuser.h: No such file or directory
   47 | #include <tiuser.h>
      |          ^~~~~~~~~~
compilation terminated.
configure:7015: result: no
configure:7035: checking whether t_errlist is declared in tiuser.h
conftest.c:48:10: fatal error: tiuser.h: No such file or directory
   48 | #include <tiuser.h>
      |          ^~~~~~~~~~
compilation terminated.
configure:7055: result: no
configure:7075: checking whether fork is declared in unistd.h
configure:7089: result: yes
configure:7115: checking whether waitpid is declared in sys/wait.h
configure:7129: result: yes
configure:7152: checking self-sufficiency of arpa/inet.h
configure:7173: gcc  -o conftest -g -O2   conftest.c -lcrypt -lm  >&5
configure:7179: $? = 0
configure:7183: test -z 
			 || test ! -s conftest.err
configure:7186: $? = 0
configure:7189: test -s conftest
configure:7192: $? = 0
configure:7194: result: yes
configure:7215: checking self-sufficiency of signal.h
configure:7236: gcc  -o conftest -g -O2   conftest.c -lcrypt -lm  >&5
configure:7242: $? = 0
configure:7246: test -z 
			 || test ! -s conftest.err
configure:7249: $? = 0
configure:7252: test -s conftest
configure:7255: $? = 0
configure:7257: result: yes
configure:7278: checking self-sufficiency of sys/socket.h
configure:7299: gcc  -o conftest -g -O2   conftest.c -lcrypt -lm  >&5
configure:7305: $? = 0
configure:7309: test -z 
			 || test ! -s conftest.err
configure:7312: $? = 0
configure:7315: test -s conftest
configure:7318: $? = 0
configure:7320: result: yes
configure:7341: checking self-sufficiency of sys/stat.h
configure:7362: gcc  -o conftest -g -O2   conftest.c -lcrypt -lm  >&5
configure:7368: $? = 0
configure:7372: test -z 
			 || test ! -s conftest.err
configure:7375: $? = 0
configure:7378: test -s conftest
configure:7381: $? = 0
configure:7383: result: yes
configure:7404: checking self-sufficiency of time.h
configure:7425: gcc  -o conftest -g -O2   conftest.c -lcrypt -lm  >&5
configure:7431: $? = 0
configure:7435: test -z 
			 || test ! -s conftest.err
configure:7438: $? = 0
configure:7441: test -s conftest
configure:7444: $? = 0
configure:7446: result: yes
configure:7465: checking for string.h declaring some functions incorrectly
configure:7488: result: no
configure:7493: checking for compatibility between <sys/ioctl.h> and <stropts.h>
configure:7506: gcc -E  conftest.c
conftest.c:51:10: fatal error: stropts.h: No such file or directory
   51 | #include <stropts.h>
      |          ^~~~~~~~~~~
compilation terminated.
configure:7512: $? = 1
configure: failed program was:
| /* confdefs.h.  */
| 
| #define PACKAGE_NAME ""
| #define PACKAGE_TARNAME ""
| #define PACKAGE_VERSION ""
| #define PACKAGE_STRING ""
| #define PACKAGE_BUGREPORT ""
| #define STDC_HEADERS 1
| #define HAVE_SYS_TYPES_H 1
| #define HAVE_SYS_STAT_H 1
| #define HAVE_STDLIB_H 1
| #define HAVE_STRING_H 1
| #define HAVE_MEMORY_H 1
| #define HAVE_STRINGS_H 1
| #define HAVE_INTTYPES_H 1
| #define HAVE_STDINT_H 1
| #define HAVE_UNISTD_H 1
| #define NEED_SELECT_H 1
| #define HAVE_FILIO_H 1
| #define NEED_MEMORY_H 1
| #define HAVE_STRUCT_TM_TM_ZONE 1
| #define HAVE_TM_ZONE 1
| #define HAVE_SQRT 1
| #define HAVE_WAITPID 1
| #define HAVE_SIGEMPTYSET 1
| #define HAVE_ACCEPT 1
| #define HAVE_CRYPT 1
| #define HAVE_UNISTD_H 1
| #define HAVE_SYS_CDEFS_H 1
| #define HAVE_STDLIB_H 1
| #define HAVE_MACHINE_ENDIAN_H 1
| #define HAVE_LOCALE_H 1
| #define HAVE_REMOVE 1
| #define HAVE_RENAME 1
| #define HAVE_SELECT 1
| #define HAVE_STRERROR 1
| #define HAVE_STRFTIME 1
| #define HAVE_STRTOUL 1
| #define HAVE_MATHERR 1
| #define HAVE_RANDOM 1
| #define HAVE_LRAND48 1
| #define HAVE_WAIT3 1
| #define HAVE_SIGSETMASK 1
| #define HAVE_SIGPROCMASK 1
| #define HAVE_SIGRELSE 1
| #define NDECL_T_OPEN 1
| #define NDECL_$var_norm 1
| /* end confdefs.h.  */
| 
| #include <sys/ioctl.h>
| #include <stropts.h>
| 
configure:7530: result: no
configure:7635: creating ./config.status

## ---------------------- ##
## Running config.status. ##
## ---------------------- ##

This file was extended by config.status, which was
generated by GNU Autoconf 2.59.  Invocation command line was

  CONFIG_FILES    = 
  CONFIG_HEADERS  = 
  CONFIG_LINKS    = 
  CONFIG_COMMANDS = 
  $ ./config.status 

on ansible

config.status:643: creating Makefile
config.status:746: creating config.h

## ---------------- ##
## Cache variables. ##
## ---------------- ##

ac_cv_c_compiler_gnu=yes
ac_cv_env_CC_set=''
ac_cv_env_CC_value=''
ac_cv_env_CFLAGS_set=''
ac_cv_env_CFLAGS_value=''
ac_cv_env_CPPFLAGS_set=''
ac_cv_env_CPPFLAGS_value=''
ac_cv_env_CPP_set=''
ac_cv_env_CPP_value=''
ac_cv_env_LDFLAGS_set=''
ac_cv_env_LDFLAGS_value=''
ac_cv_env_build_alias_set=''
ac_cv_env_build_alias_value=''
ac_cv_env_host_alias_set=''
ac_cv_env_host_alias_value=''
ac_cv_env_target_alias_set=''
ac_cv_env_target_alias_value=''
ac_cv_exeext=''
ac_cv_func_lrand48=yes
ac_cv_func_matherr=yes
ac_cv_func_random=yes
ac_cv_func_remove=yes
ac_cv_func_rename=yes
ac_cv_func_select=yes
ac_cv_func_sigprocmask=yes
ac_cv_func_sigrelse=yes
ac_cv_func_sigsetmask=yes
ac_cv_func_strerror=yes
ac_cv_func_strftime=yes
ac_cv_func_strtoul=yes
ac_cv_func_wait2=no
ac_cv_func_wait3=yes
ac_cv_header_inttypes_h=yes
ac_cv_header_locale_h=yes
ac_cv_header_machine_endian_h=yes
ac_cv_header_memory_h=yes
ac_cv_header_stdc=yes
ac_cv_header_stdint_h=yes
ac_cv_header_stdlib_h=yes
ac_cv_header_string_h=yes
ac_cv_header_strings_h=yes
ac_cv_header_sys_bsdtypes_h=no
ac_cv_header_sys_cdefs_h=yes
ac_cv_header_sys_filio_h=yes
ac_cv_header_sys_select_h=yes
ac_cv_header_sys_stat_h=yes
ac_cv_header_sys_types_h=yes
ac_cv_header_tiuser_h=no
ac_cv_header_unistd_h=yes
ac_cv_member_struct_tm_tm_zone=yes
ac_cv_objext=o
ac_cv_prog_CPP='gcc -E'
ac_cv_prog_GPERF=gperf
ac_cv_prog_YACC=yacc
ac_cv_prog_ac_ct_CC=gcc
ac_cv_prog_cc_g=yes
ac_cv_prog_cc_stdc=''
ac_cv_prog_egrep='grep -E'
ac_cv_prog_gcc_traditional=no
ac_cv_search_accept='none required'
ac_cv_search_crypt=-lcrypt
ac_cv_search_sigemptyset='none required'
ac_cv_search_sqrt=-lm
ac_cv_search_strerror='none required'
ac_cv_search_t_open=no
ac_cv_search_waitpid='none required'
ac_cv_struct_tm=time.h
ac_cv_type_mode_t=yes
ac_cv_type_pid_t=yes
ac_cv_type_size_t=yes

## ----------------- ##
## Output variables. ##
## ----------------- ##

CC='gcc '
CFLAGS='-g -O2'
CPP='gcc -E'
CPPFLAGS=''
DEFS='-DHAVE_CONFIG_H'
ECHO_C=''
ECHO_N='-n'
ECHO_T=''
EGREP='grep -E'
EXEEXT=''
GPERF='gperf'
LDFLAGS=''
LIBOBJS=''
LIBS='-lcrypt -lm '
LTLIBOBJS=''
OBJEXT='o'
PACKAGE_BUGREPORT=''
PACKAGE_NAME=''
PACKAGE_STRING=''
PACKAGE_TARNAME=''
PACKAGE_VERSION=''
PATH_SEPARATOR=':'
SHELL='/bin/sh'
YACC='yacc'
ac_ct_CC='gcc'
bindir='${exec_prefix}/bin'
build_alias=''
datadir='${prefix}/share'
exec_prefix='${prefix}'
host_alias=''
includedir='${prefix}/include'
infodir='${prefix}/info'
libdir='${exec_prefix}/lib'
libexecdir='${exec_prefix}/libexec'
localstatedir='${prefix}/var'
mandir='${prefix}/man'
oldincludedir='/usr/include'
prefix='/usr/local'
program_transform_name='s,x,x,'
sbindir='${exec_prefix}/sbin'
sharedstatedir='${prefix}/com'
sysconfdir='${prefix}/etc'
target_alias=''

## ----------- ##
## confdefs.h. ##
## ----------- ##

#define HAVE_ACCEPT 1
#define HAVE_CRYPT 1
#define HAVE_FILIO_H 1
#define HAVE_INTTYPES_H 1
#define HAVE_LOCALE_H 1
#define HAVE_LRAND48 1
#define HAVE_MACHINE_ENDIAN_H 1
#define HAVE_MATHERR 1
#define HAVE_MEMORY_H 1
#define HAVE_RANDOM 1
#define HAVE_REMOVE 1
#define HAVE_RENAME 1
#define HAVE_SELECT 1
#define HAVE_SIGEMPTYSET 1
#define HAVE_SIGPROCMASK 1
#define HAVE_SIGRELSE 1
#define HAVE_SIGSETMASK 1
#define HAVE_SQRT 1
#define HAVE_STDINT_H 1
#define HAVE_STDLIB_H 1
#define HAVE_STDLIB_H 1
#define HAVE_STRERROR 1
#define HAVE_STRFTIME 1
#define HAVE_STRINGS_H 1
#define HAVE_STRING_H 1
#define HAVE_STRTOUL 1
#define HAVE_STRUCT_TM_TM_ZONE 1
#define HAVE_SYS_CDEFS_H 1
#define HAVE_SYS_STAT_H 1
#define HAVE_SYS_TYPES_H 1
#define HAVE_TM_ZONE 1
#define HAVE_UNISTD_H 1
#define HAVE_UNISTD_H 1
#define HAVE_WAIT3 1
#define HAVE_WAITPID 1
#define NDECL_$var_norm 1
#define NDECL_T_OPEN 1
#define NEED_MEMORY_H 1
#define NEED_SELECT_H 1
#define PACKAGE_BUGREPORT ""
#define PACKAGE_NAME ""
#define PACKAGE_STRING ""
#define PACKAGE_TARNAME ""
#define PACKAGE_VERSION ""
#define STDC_HEADERS 1
#define UNDEF_IO_IN_STROPTS_H 1

configure: exit 0
